[全基因组校准] 每个细胞类型 pseudobulk DEG 的 BH 结果:
       celltype  n_genes  padj_lt_0.05  padj_lt_0.10  p_lt_0.05  p_lt_0.01  exp_p_lt_0.05   KS_D          KS_p    min_p top_gene  top_log2FC
      Astrocyte    19269             0             0        521         87          963.5 0.1661  0.000000e+00 0.000354    Nr4a3   -0.033380
    Endothelial    19269             0             0        339         47          963.5 0.1928  0.000000e+00 0.000092  Gm17354   -0.033322
      Ependymal    19269             0             1       1167        199          963.5 0.1669  0.000000e+00 0.000005     Pgk1   -0.341482
      Microglia    19269             0             0       1056        176          963.5 0.0919 3.833926e-142 0.000057    Bola1    0.031709
         Neuron    19269             0             0        377         56          963.5 0.1926  0.000000e+00 0.000050    Camk4   -0.113969
            OPC    19269             0             0        543         91          963.5 0.1707  0.000000e+00 0.000119      Npb    0.032562
Oligodendrocyte    19269             0             0        558         87          963.5 0.1043 8.057155e-183 0.000176      Dbi   -0.229620
       Pericyte    19269             0             0        414         59          963.5 0.3371  0.000000e+00 0.000771    Rpl28   -0.255309
           VLMC    19269             0             0        398         61          963.5 0.3166  0.000000e+00 0.000377    Gpaa1    0.144802

[MDE] n=3v3, alpha=0.05, power=0.80 -> 标准化 MDE d = 3.27 (即 delta/SD 需达到 3.27 才能被检出)
[对照] bulk 层 Stouffer 均值 Z 的量级: D -1.48 / B -0.91 / C -0.50 / A -0.29

[MDE vs 观测] (observed/MDE < 1 表示设计无法检出该量级):
       celltype                      geneset  sd_score  observed_delta_Z  MDE_delta_Z(80%)  observed_over_MDE       p
       Pericyte       C_mitochondrial_OXPHOS     0.184             0.317             0.601              0.527 0.01745
           VLMC A_complement_synapse_pruning     0.184             0.299             0.603              0.496 0.03424
      Ependymal              B_DAM_microglia     0.534             0.843             1.749              0.482 0.02801
      Ependymal     D_myelin_oligodendrocyte     0.443             0.696             1.450              0.480 0.04620
            OPC              B_DAM_microglia     0.310             0.485             1.015              0.478 0.03704
           VLMC       C_mitochondrial_OXPHOS     0.415             0.627             1.359              0.461 0.06057
       Pericyte              B_DAM_microglia     0.393             0.590             1.286              0.459 0.06641
       Pericyte A_complement_synapse_pruning     0.265             0.376             0.868              0.433 0.07607
      Ependymal A_complement_synapse_pruning     0.265             0.367             0.866              0.424 0.11631
      Microglia       C_mitochondrial_OXPHOS     0.211             0.280             0.690              0.406 0.15814
      Ependymal       C_mitochondrial_OXPHOS     0.494            -0.616             1.617              0.381 0.19177
         Neuron              B_DAM_microglia     0.443             0.541             1.451              0.373 0.19943
           VLMC     D_myelin_oligodendrocyte     0.489             0.593             1.602              0.370 0.19996
Oligodendrocyte              B_DAM_microglia     0.544             0.549             1.782              0.308 0.27754
      Microglia A_complement_synapse_pruning     0.225             0.224             0.738              0.304 0.30197
      Astrocyte              B_DAM_microglia     0.379             0.365             1.240              0.294 0.33017
      Astrocyte       C_mitochondrial_OXPHOS     0.306            -0.281             1.002              0.281 0.35683
            OPC     D_myelin_oligodendrocyte     0.224             0.201             0.734              0.273 0.32656
      Microglia     D_myelin_oligodendrocyte     0.590             0.507             1.932              0.262 0.39097
Oligodendrocyte A_complement_synapse_pruning     0.403             0.305             1.320              0.231 0.45372

[汇总] 32 个 (集合 x 细胞类型) 组合中, 观测效应超过 MDE 的有 0 个
[Done] Step 5c 输出写入 D:\2026.9\极速交付9月会员日优惠套路\04_单细胞多组学双模型联合锁靶\POCD海马神经胶质突触双模型锁靶\geo_meta\sc_out
